INFO:     Will watch for changes in these directories: ['/Users/aD/kakao-frontend/backend']
INFO:     Uvicorn running on http://0.0.0.0:8010 (Press CTRL+C to quit)
INFO:     Started reloader process [13681] using StatReload
INFO:     Started server process [13695]
INFO:     Waiting for application startup.
INFO:     Application startup complete.
INFO:     127.0.0.1:51370 - "GET /health HTTP/1.1" 200 OK
INFO:     127.0.0.1:51380 - "GET /health HTTP/1.1" 200 OK
ERROR:agi_api_server:대화 처리 중 오류 발생: 'NoneType' object has no attribute 'size'
INFO:     127.0.0.1:51381 - "POST /api/v1/conversation HTTP/1.1" 500 Internal Server Error
ERROR:agi_api_server:대화 처리 중 오류 발생: 'NoneType' object has no attribute 'size'
INFO:     127.0.0.1:51383 - "POST /api/v1/conversation HTTP/1.1" 500 Internal Server Error
ERROR:agi_api_server:대화 처리 중 오류 발생: 'NoneType' object has no attribute 'size'
INFO:     127.0.0.1:51388 - "POST /api/v1/conversation HTTP/1.1" 500 Internal Server Error
ERROR:agi_api_server:대화 처리 중 오류 발생: 'NoneType' object has no attribute 'size'
INFO:     127.0.0.1:51390 - "POST /api/v1/conversation HTTP/1.1" 500 Internal Server Error
ERROR:agi_api_server:대화 처리 중 오류 발생: 'NoneType' object has no attribute 'size'
INFO:     127.0.0.1:51393 - "POST /api/v1/conversation HTTP/1.1" 500 Internal Server Error
INFO:     127.0.0.1:51396 - "GET /api/v1/analytics HTTP/1.1" 200 OK
INFO:     127.0.0.1:51397 - "GET /api/v1/capabilities HTTP/1.1" 200 OK
WARNING:  StatReload detected changes in 'enhanced_multimodal_ai.py'. Reloading...
INFO:     Shutting down
INFO:     Waiting for application shutdown.
INFO:     Application shutdown complete.
INFO:     Finished server process [13695]
INFO:     Started server process [14009]
INFO:     Waiting for application startup.
INFO:     Application startup complete.
INFO:     127.0.0.1:51466 - "GET /health HTTP/1.1" 200 OK
ERROR:agi_api_server:대화 처리 중 오류 발생: 'str' object has no attribute 'value'
INFO:     127.0.0.1:51469 - "POST /api/v1/conversation HTTP/1.1" 500 Internal Server Error
ERROR:agi_api_server:대화 처리 중 오류 발생: 'str' object has no attribute 'value'
INFO:     127.0.0.1:51473 - "POST /api/v1/conversation HTTP/1.1" 500 Internal Server Error
ERROR:agi_api_server:대화 처리 중 오류 발생: 'str' object has no attribute 'value'
INFO:     127.0.0.1:51476 - "POST /api/v1/conversation HTTP/1.1" 500 Internal Server Error
ERROR:agi_api_server:대화 처리 중 오류 발생: 'str' object has no attribute 'value'
INFO:     127.0.0.1:51479 - "POST /api/v1/conversation HTTP/1.1" 500 Internal Server Error
ERROR:agi_api_server:대화 처리 중 오류 발생: 'str' object has no attribute 'value'
INFO:     127.0.0.1:51482 - "POST /api/v1/conversation HTTP/1.1" 500 Internal Server Error
INFO:     127.0.0.1:51485 - "GET /api/v1/analytics HTTP/1.1" 200 OK
INFO:     127.0.0.1:51486 - "GET /api/v1/capabilities HTTP/1.1" 200 OK
WARNING:  StatReload detected changes in 'integrated_agi_system.py'. Reloading...
INFO:     Shutting down
INFO:     Waiting for application shutdown.
INFO:     Application shutdown complete.
INFO:     Finished server process [14009]
INFO:     Started server process [14232]
INFO:     Waiting for application startup.
INFO:     Application startup complete.
WARNING:  StatReload detected changes in 'integrated_agi_system.py'. Reloading...
INFO:     Shutting down
INFO:     Waiting for application shutdown.
INFO:     Application shutdown complete.
INFO:     Finished server process [14232]
INFO:     Started server process [14262]
INFO:     Waiting for application startup.
INFO:     Application startup complete.
INFO:     127.0.0.1:51534 - "GET /health HTTP/1.1" 200 OK
ERROR:agi_api_server:대화 처리 중 오류 발생: 'AutonomousLearningEngine' object has no attribute '_analyze_experience_patterns'
INFO:     127.0.0.1:51535 - "POST /api/v1/conversation HTTP/1.1" 500 Internal Server Error
ERROR:agi_api_server:대화 처리 중 오류 발생: 'AutonomousLearningEngine' object has no attribute '_analyze_experience_patterns'
INFO:     127.0.0.1:51536 - "POST /api/v1/conversation HTTP/1.1" 500 Internal Server Error
ERROR:agi_api_server:대화 처리 중 오류 발생: 'AutonomousLearningEngine' object has no attribute '_analyze_experience_patterns'
INFO:     127.0.0.1:51539 - "POST /api/v1/conversation HTTP/1.1" 500 Internal Server Error
ERROR:agi_api_server:대화 처리 중 오류 발생: 'AutonomousLearningEngine' object has no attribute '_analyze_experience_patterns'
INFO:     127.0.0.1:51540 - "POST /api/v1/conversation HTTP/1.1" 500 Internal Server Error
ERROR:agi_api_server:대화 처리 중 오류 발생: 'AutonomousLearningEngine' object has no attribute '_analyze_experience_patterns'
INFO:     127.0.0.1:51542 - "POST /api/v1/conversation HTTP/1.1" 500 Internal Server Error
INFO:     127.0.0.1:51543 - "GET /api/v1/analytics HTTP/1.1" 200 OK
INFO:     127.0.0.1:51544 - "GET /api/v1/capabilities HTTP/1.1" 200 OK
WARNING:  StatReload detected changes in 'autonomous_learning_system.py'. Reloading...
INFO:     Shutting down
INFO:     Waiting for application shutdown.
INFO:     Application shutdown complete.
INFO:     Finished server process [14262]
INFO:     Started server process [14537]
INFO:     Waiting for application startup.
INFO:     Application startup complete.
INFO:     127.0.0.1:51580 - "GET /health HTTP/1.1" 200 OK
ERROR:agi_api_server:대화 처리 중 오류 발생: AutonomousLearningEngine._analyze_experience_patterns() missing 1 required positional argument: 'experience'
INFO:     127.0.0.1:51582 - "POST /api/v1/conversation HTTP/1.1" 500 Internal Server Error
ERROR:agi_api_server:대화 처리 중 오류 발생: AutonomousLearningEngine._analyze_experience_patterns() missing 1 required positional argument: 'experience'
INFO:     127.0.0.1:51583 - "POST /api/v1/conversation HTTP/1.1" 500 Internal Server Error
ERROR:agi_api_server:대화 처리 중 오류 발생: AutonomousLearningEngine._analyze_experience_patterns() missing 1 required positional argument: 'experience'
INFO:     127.0.0.1:51586 - "POST /api/v1/conversation HTTP/1.1" 500 Internal Server Error
ERROR:agi_api_server:대화 처리 중 오류 발생: AutonomousLearningEngine._analyze_experience_patterns() missing 1 required positional argument: 'experience'
INFO:     127.0.0.1:51587 - "POST /api/v1/conversation HTTP/1.1" 500 Internal Server Error
ERROR:agi_api_server:대화 처리 중 오류 발생: AutonomousLearningEngine._analyze_experience_patterns() missing 1 required positional argument: 'experience'
INFO:     127.0.0.1:51589 - "POST /api/v1/conversation HTTP/1.1" 500 Internal Server Error
INFO:     127.0.0.1:51590 - "GET /api/v1/analytics HTTP/1.1" 200 OK
INFO:     127.0.0.1:51591 - "GET /api/v1/capabilities HTTP/1.1" 200 OK
WARNING:  StatReload detected changes in 'autonomous_learning_system.py'. Reloading...
INFO:     Shutting down
INFO:     Waiting for application shutdown.
INFO:     Application shutdown complete.
INFO:     Finished server process [14537]
INFO:     Started server process [14798]
INFO:     Waiting for application startup.
INFO:     Application startup complete.
INFO:     127.0.0.1:51626 - "GET /health HTTP/1.1" 200 OK
ERROR:agi_api_server:대화 처리 중 오류 발생: AutonomousLearningEngine.learn_from_experience() takes 2 positional arguments but 4 were given
INFO:     127.0.0.1:51627 - "POST /api/v1/conversation HTTP/1.1" 500 Internal Server Error
ERROR:agi_api_server:대화 처리 중 오류 발생: AutonomousLearningEngine.learn_from_experience() takes 2 positional arguments but 4 were given
INFO:     127.0.0.1:51630 - "POST /api/v1/conversation HTTP/1.1" 500 Internal Server Error
ERROR:agi_api_server:대화 처리 중 오류 발생: AutonomousLearningEngine.learn_from_experience() takes 2 positional arguments but 4 were given
INFO:     127.0.0.1:51634 - "POST /api/v1/conversation HTTP/1.1" 500 Internal Server Error
ERROR:agi_api_server:대화 처리 중 오류 발생: AutonomousLearningEngine.learn_from_experience() takes 2 positional arguments but 4 were given
INFO:     127.0.0.1:51637 - "POST /api/v1/conversation HTTP/1.1" 500 Internal Server Error
ERROR:agi_api_server:대화 처리 중 오류 발생: AutonomousLearningEngine.learn_from_experience() takes 2 positional arguments but 4 were given
INFO:     127.0.0.1:51639 - "POST /api/v1/conversation HTTP/1.1" 500 Internal Server Error
INFO:     127.0.0.1:51643 - "GET /api/v1/analytics HTTP/1.1" 200 OK
INFO:     127.0.0.1:51644 - "GET /api/v1/capabilities HTTP/1.1" 200 OK
WARNING:  StatReload detected changes in 'integrated_agi_system.py'. Reloading...
INFO:     Shutting down
INFO:     Waiting for application shutdown.
INFO:     Application shutdown complete.
INFO:     Finished server process [14798]
INFO:     Started server process [15123]
INFO:     Waiting for application startup.
INFO:     Application startup complete.
INFO:     127.0.0.1:51704 - "GET /health HTTP/1.1" 200 OK
INFO:     127.0.0.1:51707 - "POST /api/v1/conversation HTTP/1.1" 200 OK
INFO:     127.0.0.1:51713 - "POST /api/v1/conversation HTTP/1.1" 200 OK
INFO:     127.0.0.1:51715 - "POST /api/v1/conversation HTTP/1.1" 200 OK
INFO:     127.0.0.1:51718 - "POST /api/v1/conversation HTTP/1.1" 200 OK
INFO:     127.0.0.1:51722 - "POST /api/v1/conversation HTTP/1.1" 200 OK
INFO:     127.0.0.1:51725 - "GET /api/v1/analytics HTTP/1.1" 200 OK
INFO:     127.0.0.1:51726 - "GET /api/v1/capabilities HTTP/1.1" 200 OK
INFO:     127.0.0.1:51786 - "POST /api/v1/conversation HTTP/1.1" 200 OK
INFO:     127.0.0.1:51788 - "GET /api/v1/analytics HTTP/1.1" 200 OK
INFO:     127.0.0.1:51790 - "GET /api/v1/capabilities HTTP/1.1" 200 OK
WARNING:  StatReload detected changes in 'real_kakao_conversation_analyzer.py'. Reloading...
INFO:     Shutting down
INFO:     Waiting for application shutdown.
INFO:     Application shutdown complete.
INFO:     Finished server process [15123]
INFO:     Started server process [16416]
INFO:     Waiting for application startup.
INFO:     Application startup complete.
WARNING:  StatReload detected changes in 'enhanced_kakao_agi_system.py'. Reloading...
INFO:     Shutting down
INFO:     Waiting for application shutdown.
INFO:     Application shutdown complete.
INFO:     Finished server process [16416]
INFO:     Started server process [16925]
INFO:     Waiting for application startup.
INFO:     Application startup complete.
WARNING:  StatReload detected changes in 'main_kakao_system.py'. Reloading...
INFO:     Shutting down
INFO:     Waiting for application shutdown.
INFO:     Application shutdown complete.
INFO:     Finished server process [16925]
INFO:     Started server process [17792]
INFO:     Waiting for application startup.
INFO:     Application startup complete.
WARNING:  StatReload detected changes in 'test_main_kakao_system.py'. Reloading...
INFO:     Shutting down
INFO:     Waiting for application shutdown.
INFO:     Application shutdown complete.
INFO:     Finished server process [17792]
INFO:     Started server process [18035]
INFO:     Waiting for application startup.
INFO:     Application startup complete.
WARNING:  StatReload detected changes in 'conversation_summarizer.py'. Reloading...
INFO:     Shutting down
INFO:     Waiting for application shutdown.
INFO:     Application shutdown complete.
INFO:     Finished server process [18035]
INFO:     Started server process [20216]
INFO:     Waiting for application startup.
INFO:     Application startup complete.
WARNING:  StatReload detected changes in 'main_kakao_system.py'. Reloading...
INFO:     Shutting down
INFO:     Waiting for application shutdown.
INFO:     Application shutdown complete.
INFO:     Finished server process [20216]
INFO:     Started server process [20281]
INFO:     Waiting for application startup.
INFO:     Application startup complete.
WARNING:  StatReload detected changes in 'conversation_summarizer.py'. Reloading...
INFO:     Shutting down
INFO:     Waiting for application shutdown.
INFO:     Application shutdown complete.
INFO:     Finished server process [20281]
INFO:     Started server process [21105]
INFO:     Waiting for application startup.
INFO:     Application startup complete.
WARNING:  StatReload detected changes in 'conversation_summarizer.py'. Reloading...
INFO:     Shutting down
INFO:     Waiting for application shutdown.
INFO:     Application shutdown complete.
INFO:     Finished server process [21105]
INFO:     Started server process [21457]
INFO:     Waiting for application startup.
INFO:     Application startup complete.
WARNING:  StatReload detected changes in 'conversation_summarizer.py'. Reloading...
INFO:     Shutting down
INFO:     Waiting for application shutdown.
INFO:     Application shutdown complete.
INFO:     Finished server process [21457]
INFO:     Started server process [21634]
INFO:     Waiting for application startup.
INFO:     Application startup complete.
WARNING:  StatReload detected changes in 'conversation_summarizer.py'. Reloading...
INFO:     Shutting down
INFO:     Waiting for application shutdown.
INFO:     Application shutdown complete.
INFO:     Finished server process [21634]
INFO:     Started server process [21960]
INFO:     Waiting for application startup.
INFO:     Application startup complete.
WARNING:  StatReload detected changes in 'conversation_summarizer.py'. Reloading...
INFO:     Shutting down
INFO:     Waiting for application shutdown.
INFO:     Application shutdown complete.
INFO:     Finished server process [21960]
INFO:     Started server process [22335]
INFO:     Waiting for application startup.
INFO:     Application startup complete.
WARNING:  StatReload detected changes in 'conversation_summarizer.py'. Reloading...
INFO:     Shutting down
INFO:     Waiting for application shutdown.
INFO:     Application shutdown complete.
INFO:     Finished server process [22335]
INFO:     Started server process [22510]
INFO:     Waiting for application startup.
INFO:     Application startup complete.
WARNING:  StatReload detected changes in 'conversation_summarizer.py'. Reloading...
INFO:     Shutting down
INFO:     Waiting for application shutdown.
INFO:     Application shutdown complete.
INFO:     Finished server process [22510]
INFO:     Started server process [22855]
INFO:     Waiting for application startup.
INFO:     Application startup complete.
WARNING:  StatReload detected changes in 'conversation_summarizer.py'. Reloading...
INFO:     Shutting down
INFO:     Waiting for application shutdown.
INFO:     Application shutdown complete.
INFO:     Finished server process [22855]
INFO:     Started server process [23739]
INFO:     Waiting for application startup.
INFO:     Application startup complete.
WARNING:  StatReload detected changes in 'conversation_summarizer.py'. Reloading...
INFO:     Shutting down
INFO:     Waiting for application shutdown.
INFO:     Application shutdown complete.
INFO:     Finished server process [23739]
INFO:     Started server process [54039]
INFO:     Waiting for application startup.
INFO:     Application startup complete.
WARNING:  StatReload detected changes in 'conversation_summarizer.py'. Reloading...
INFO:     Shutting down
INFO:     Waiting for application shutdown.
INFO:     Application shutdown complete.
INFO:     Finished server process [54039]
INFO:     Started server process [55866]
INFO:     Waiting for application startup.
INFO:     Application startup complete.
WARNING:  StatReload detected changes in 'conversation_summarizer.py'. Reloading...
INFO:     Shutting down
INFO:     Waiting for application shutdown.
INFO:     Application shutdown complete.
INFO:     Finished server process [55866]
INFO:     Started server process [65418]
INFO:     Waiting for application startup.
INFO:     Application startup complete.
WARNING:  StatReload detected changes in 'conversation_summarizer.py'. Reloading...
INFO:     Shutting down
INFO:     Waiting for application shutdown.
INFO:     Application shutdown complete.
INFO:     Finished server process [65418]
INFO:     Started server process [65482]
INFO:     Waiting for application startup.
INFO:     Application startup complete.
WARNING:  StatReload detected changes in 'main_kakao_system.py'. Reloading...
INFO:     Shutting down
INFO:     Waiting for application shutdown.
INFO:     Application shutdown complete.
INFO:     Finished server process [65482]
INFO:     Started server process [65569]
INFO:     Waiting for application startup.
INFO:     Application startup complete.
WARNING:  StatReload detected changes in 'main_kakao_system.py'. Reloading...
INFO:     Shutting down
INFO:     Waiting for application shutdown.
INFO:     Application shutdown complete.
INFO:     Finished server process [65569]
INFO:     Started server process [65597]
INFO:     Waiting for application startup.
INFO:     Application startup complete.
INFO:     Shutting down
INFO:     Waiting for application shutdown.
INFO:     Application shutdown complete.
INFO:     Finished server process [65597]
INFO:     Stopping reloader process [13681]
