INFO:__main__:대화 파일 분석 중: chat_rooms/[인증]행복한소유☆개포우성7차 110 님과 카카오톡 대화/[인증]행복한소유☆개포우성7차 110 님과 카카오톡 대화.txt
INFO:__main__:대화 파일 분석 중: chat_rooms/테스트 카카오톡 대화 파일 님과 카카오톡 대화/test_chat.txt
INFO:__main__:✅ 고도화된 메시지 시스템 데이터베이스 초기화 완료
INFO:     Started server process [5540]
INFO:     Waiting for application startup.
INFO:     Application startup complete.
INFO:     Uvicorn running on http://0.0.0.0:8011 (Press CTRL+C to quit)
✅ 대화 분석 완료: 1개 메시지
⚠️ 메시지를 파싱할 수 없습니다: chat_rooms/테스트 카카오톡 대화 파일 님과 카카오톡 대화/test_chat.txt
🚀 고도화된 메시지 생성 서버 시작
============================================================
📍 서버 주소: http://localhost:8011
📖 API 문서: http://localhost:8011/docs
🎯 주요 엔드포인트:
   POST /api/generate-advanced-message - 고도화된 메시지 생성
   POST /api/update-user-profile - 사용자 프로필 업데이트
   POST /api/learning-feedback - 학습 피드백
   GET /api/performance-analysis - 성능 분석
   GET /api/ai-model-performance - AI 모델 성능
   GET /api/user-profile/{id} - 사용자 프로필

✅ 고도화된 메시지 데이터베이스 초기화 완료
INFO:     127.0.0.1:49914 - "GET /api/status HTTP/1.1" 200 OK
INFO:     Shutting down
INFO:     Waiting for application shutdown.
INFO:     Application shutdown complete.
INFO:     Finished server process [5540]
