INFO:     Started server process [5539]
INFO:     Waiting for application startup.
INFO:     Application startup complete.
INFO:     Uvicorn running on http://0.0.0.0:8009 (Press CTRL+C to quit)
🚀 전략 최적화 서버 시작
==================================================
📍 서버 주소: http://localhost:8009
📖 API 문서: http://localhost:8009/docs
🎯 주요 엔드포인트:
   POST /api/optimize-strategy - 전략 최적화
   POST /api/run-ab-test - A/B 테스트
   POST /api/analyze-performance - 성과 분석
   GET /api/strategy-performance - 전략 성과
   GET /api/optimization-history - 최적화 히스토리

✅ 전략 최적화 데이터베이스 초기화 완료
INFO:     127.0.0.1:49912 - "GET /api/status HTTP/1.1" 200 OK
INFO:     Shutting down
INFO:     Waiting for application shutdown.
INFO:     Application shutdown complete.
INFO:     Finished server process [5539]
